Archive member included to satisfy reference by file (symbol)

f:/programs/stm32cubeide_1.6.0/stm32cubeide/plugins/com.st.stm32cube.ide.mcu.externaltools.gnu-tools-for-stm32.9-2020-q2-update.win32_2.0.0.202105311346/tools/bin/../lib/gcc/arm-none-eabi/9.3.1/../../../../arm-none-eabi/lib/thumb/v7e-m+fp/hard\libc_nano.a(lib_a-errno.o)
                              ./Core/Src/syscalls.o (__errno)
f:/programs/stm32cubeide_1.6.0/stm32cubeide/plugins/com.st.stm32cube.ide.mcu.externaltools.gnu-tools-for-stm32.9-2020-q2-update.win32_2.0.0.202105311346/tools/bin/../lib/gcc/arm-none-eabi/9.3.1/../../../../arm-none-eabi/lib/thumb/v7e-m+fp/hard\libc_nano.a(lib_a-exit.o)
                              f:/programs/stm32cubeide_1.6.0/stm32cubeide/plugins/com.st.stm32cube.ide.mcu.externaltools.gnu-tools-for-stm32.9-2020-q2-update.win32_2.0.0.202105311346/tools/bin/../lib/gcc/arm-none-eabi/9.3.1/../../../../arm-none-eabi/lib/thumb/v7e-m+fp/hard/crt0.o (exit)
f:/programs/stm32cubeide_1.6.0/stm32cubeide/plugins/com.st.stm32cube.ide.mcu.externaltools.gnu-tools-for-stm32.9-2020-q2-update.win32_2.0.0.202105311346/tools/bin/../lib/gcc/arm-none-eabi/9.3.1/../../../../arm-none-eabi/lib/thumb/v7e-m+fp/hard\libc_nano.a(lib_a-impure.o)
                              f:/programs/stm32cubeide_1.6.0/stm32cubeide/plugins/com.st.stm32cube.ide.mcu.externaltools.gnu-tools-for-stm32.9-2020-q2-update.win32_2.0.0.202105311346/tools/bin/../lib/gcc/arm-none-eabi/9.3.1/../../../../arm-none-eabi/lib/thumb/v7e-m+fp/hard\libc_nano.a(lib_a-exit.o) (_global_impure_ptr)
f:/programs/stm32cubeide_1.6.0/stm32cubeide/plugins/com.st.stm32cube.ide.mcu.externaltools.gnu-tools-for-stm32.9-2020-q2-update.win32_2.0.0.202105311346/tools/bin/../lib/gcc/arm-none-eabi/9.3.1/../../../../arm-none-eabi/lib/thumb/v7e-m+fp/hard\libc_nano.a(lib_a-init.o)
                              f:/programs/stm32cubeide_1.6.0/stm32cubeide/plugins/com.st.stm32cube.ide.mcu.externaltools.gnu-tools-for-stm32.9-2020-q2-update.win32_2.0.0.202105311346/tools/bin/../lib/gcc/arm-none-eabi/9.3.1/../../../../arm-none-eabi/lib/thumb/v7e-m+fp/hard/crt0.o (__libc_init_array)
f:/programs/stm32cubeide_1.6.0/stm32cubeide/plugins/com.st.stm32cube.ide.mcu.externaltools.gnu-tools-for-stm32.9-2020-q2-update.win32_2.0.0.202105311346/tools/bin/../lib/gcc/arm-none-eabi/9.3.1/../../../../arm-none-eabi/lib/thumb/v7e-m+fp/hard\libc_nano.a(lib_a-memset.o)
                              f:/programs/stm32cubeide_1.6.0/stm32cubeide/plugins/com.st.stm32cube.ide.mcu.externaltools.gnu-tools-for-stm32.9-2020-q2-update.win32_2.0.0.202105311346/tools/bin/../lib/gcc/arm-none-eabi/9.3.1/../../../../arm-none-eabi/lib/thumb/v7e-m+fp/hard/crt0.o (memset)
f:/programs/stm32cubeide_1.6.0/stm32cubeide/plugins/com.st.stm32cube.ide.mcu.externaltools.gnu-tools-for-stm32.9-2020-q2-update.win32_2.0.0.202105311346/tools/bin/../lib/gcc/arm-none-eabi/9.3.1/thumb/v7e-m+fp/hard\libgcc.a(_aeabi_uldivmod.o)
                              ./Drivers/STM32F4xx_HAL_Driver/Src/stm32f4xx_hal_rcc.o (__aeabi_uldivmod)
f:/programs/stm32cubeide_1.6.0/stm32cubeide/plugins/com.st.stm32cube.ide.mcu.externaltools.gnu-tools-for-stm32.9-2020-q2-update.win32_2.0.0.202105311346/tools/bin/../lib/gcc/arm-none-eabi/9.3.1/thumb/v7e-m+fp/hard\libgcc.a(_udivmoddi4.o)
                              f:/programs/stm32cubeide_1.6.0/stm32cubeide/plugins/com.st.stm32cube.ide.mcu.externaltools.gnu-tools-for-stm32.9-2020-q2-update.win32_2.0.0.202105311346/tools/bin/../lib/gcc/arm-none-eabi/9.3.1/thumb/v7e-m+fp/hard\libgcc.a(_aeabi_uldivmod.o) (__udivmoddi4)
f:/programs/stm32cubeide_1.6.0/stm32cubeide/plugins/com.st.stm32cube.ide.mcu.externaltools.gnu-tools-for-stm32.9-2020-q2-update.win32_2.0.0.202105311346/tools/bin/../lib/gcc/arm-none-eabi/9.3.1/thumb/v7e-m+fp/hard\libgcc.a(_dvmd_tls.o)
                              f:/programs/stm32cubeide_1.6.0/stm32cubeide/plugins/com.st.stm32cube.ide.mcu.externaltools.gnu-tools-for-stm32.9-2020-q2-update.win32_2.0.0.202105311346/tools/bin/../lib/gcc/arm-none-eabi/9.3.1/thumb/v7e-m+fp/hard\libgcc.a(_aeabi_uldivmod.o) (__aeabi_ldiv0)

Allocating common symbols
Common symbol       size              file

hdma_usart3_rx      0x60              ./Core/Src/usart.o
huart3              0x44              ./Core/Src/usart.o
hpcd_USB_OTG_FS     0x408             ./Core/Src/usb_otg.o
uwTick              0x4               ./Drivers/STM32F4xx_HAL_Driver/Src/stm32f4xx_hal.o
pFlash              0x20              ./Drivers/STM32F4xx_HAL_Driver/Src/stm32f4xx_hal_flash.o
hadc1               0x48              ./Core/Src/adc.o

Discarded input sections

 .text          0x0000000000000000        0x0 f:/programs/stm32cubeide_1.6.0/stm32cubeide/plugins/com.st.stm32cube.ide.mcu.externaltools.gnu-tools-for-stm32.9-2020-q2-update.win32_2.0.0.202105311346/tools/bin/../lib/gcc/arm-none-eabi/9.3.1/thumb/v7e-m+fp/hard/crti.o
[...]
Memory Configuration

Name             Origin             Length             Attributes
CCMRAM           0x0000000010000000 0x0000000000010000 xrw
RAM              0x0000000020000000 0x0000000000030000 xrw
FLASH            0x0000000008000000 0x0000000000200000 xr
*default*        0x0000000000000000 0xffffffffffffffff

Linker script and memory map

LOAD f:/programs/stm32cubeide_1.6.0/stm32cubeide/plugins/com.st.stm32cube.ide.mcu.externaltools.gnu-tools-for-stm32.9-2020-q2-update.win32_2.0.0.202105311346/tools/bin/../lib/gcc/arm-none-eabi/9.3.1/thumb/v7e-m+fp/hard/crti.o
LOAD f:/programs/stm32cubeide_1.6.0/stm32cubeide/plugins/com.st.stm32cube.ide.mcu.externaltools.gnu-tools-for-stm32.9-2020-q2-update.win32_2.0.0.202105311346/tools/bin/../lib/gcc/arm-none-eabi/9.3.1/thumb/v7e-m+fp/hard/crtbegin.o
LOAD f:/programs/stm32cubeide_1.6.0/stm32cubeide/plugins/com.st.stm32cube.ide.mcu.externaltools.gnu-tools-for-stm32.9-2020-q2-update.win32_2.0.0.202105311346/tools/bin/../lib/gcc/arm-none-eabi/9.3.1/../../../../arm-none-eabi/lib/thumb/v7e-m+fp/hard/crt0.o
LOAD ./Core/Src/adc.o
LOAD ./Core/Src/dma.o
LOAD ./Core/Src/gpio.o
LOAD ./Core/Src/main.o
LOAD ./Core/Src/stm32f4xx_hal_msp.o
LOAD ./Core/Src/stm32f4xx_it.o
LOAD ./Core/Src/syscalls.o
LOAD ./Core/Src/sysmem.o
LOAD ./Core/Src/system_stm32f4xx.o
LOAD ./Core/Src/usart.o
LOAD ./Core/Src/usb_otg.o
LOAD ./Core/Startup/startup_stm32f429zitx.o
LOAD ./Drivers/STM32F4xx_HAL_Driver/Src/stm32f4xx_hal.o
LOAD ./Drivers/STM32F4xx_HAL_Driver/Src/stm32f4xx_hal_adc.o
LOAD ./Drivers/STM32F4xx_HAL_Driver/Src/stm32f4xx_hal_adc_ex.o
LOAD ./Drivers/STM32F4xx_HAL_Driver/Src/stm32f4xx_hal_cortex.o
LOAD ./Drivers/STM32F4xx_HAL_Driver/Src/stm32f4xx_hal_dma.o
LOAD ./Drivers/STM32F4xx_HAL_Driver/Src/stm32f4xx_hal_dma_ex.o
LOAD ./Drivers/STM32F4xx_HAL_Driver/Src/stm32f4xx_hal_exti.o
LOAD ./Drivers/STM32F4xx_HAL_Driver/Src/stm32f4xx_hal_flash.o
LOAD ./Drivers/STM32F4xx_HAL_Driver/Src/stm32f4xx_hal_flash_ex.o
LOAD ./Drivers/STM32F4xx_HAL_Driver/Src/stm32f4xx_hal_flash_ramfunc.o
LOAD ./Drivers/STM32F4xx_HAL_Driver/Src/stm32f4xx_hal_gpio.o
LOAD ./Drivers/STM32F4xx_HAL_Driver/Src/stm32f4xx_hal_pcd.o
LOAD ./Drivers/STM32F4xx_HAL_Driver/Src/stm32f4xx_hal_pcd_ex.o
LOAD ./Drivers/STM32F4xx_HAL_Driver/Src/stm32f4xx_hal_pwr.o
LOAD ./Drivers/STM32F4xx_HAL_Driver/Src/stm32f4xx_hal_pwr_ex.o
LOAD ./Drivers/STM32F4xx_HAL_Driver/Src/stm32f4xx_hal_rcc.o
LOAD ./Drivers/STM32F4xx_HAL_Driver/Src/stm32f4xx_hal_rcc_ex.o
LOAD ./Drivers/STM32F4xx_HAL_Driver/Src/stm32f4xx_hal_tim.o
LOAD ./Drivers/STM32F4xx_HAL_Driver/Src/stm32f4xx_hal_tim_ex.o
LOAD ./Drivers/STM32F4xx_HAL_Driver/Src/stm32f4xx_hal_uart.o
LOAD ./Drivers/STM32F4xx_HAL_Driver/Src/stm32f4xx_ll_adc.o
LOAD ./Drivers/STM32F4xx_HAL_Driver/Src/stm32f4xx_ll_usb.o
START GROUP
LOAD f:/programs/stm32cubeide_1.6.0/stm32cubeide/plugins/com.st.stm32cube.ide.mcu.externaltools.gnu-tools-for-stm32.9-2020-q2-update.win32_2.0.0.202105311346/tools/bin/../lib/gcc/arm-none-eabi/9.3.1/../../../../arm-none-eabi/lib/thumb/v7e-m+fp/hard\libc_nano.a
LOAD f:/programs/stm32cubeide_1.6.0/stm32cubeide/plugins/com.st.stm32cube.ide.mcu.externaltools.gnu-tools-for-stm32.9-2020-q2-update.win32_2.0.0.202105311346/tools/bin/../lib/gcc/arm-none-eabi/9.3.1/../../../../arm-none-eabi/lib/thumb/v7e-m+fp/hard\libm.a
END GROUP
START GROUP
LOAD f:/programs/stm32cubeide_1.6.0/stm32cubeide/plugins/com.st.stm32cube.ide.mcu.externaltools.gnu-tools-for-stm32.9-2020-q2-update.win32_2.0.0.202105311346/tools/bin/../lib/gcc/arm-none-eabi/9.3.1/thumb/v7e-m+fp/hard\libgcc.a
LOAD f:/programs/stm32cubeide_1.6.0/stm32cubeide/plugins/com.st.stm32cube.ide.mcu.externaltools.gnu-tools-for-stm32.9-2020-q2-update.win32_2.0.0.202105311346/tools/bin/../lib/gcc/arm-none-eabi/9.3.1/../../../../arm-none-eabi/lib/thumb/v7e-m+fp/hard\libc_nano.a
END GROUP
START GROUP
LOAD f:/programs/stm32cubeide_1.6.0/stm32cubeide/plugins/com.st.stm32cube.ide.mcu.externaltools.gnu-tools-for-stm32.9-2020-q2-update.win32_2.0.0.202105311346/tools/bin/../lib/gcc/arm-none-eabi/9.3.1/thumb/v7e-m+fp/hard\libgcc.a
LOAD f:/programs/stm32cubeide_1.6.0/stm32cubeide/plugins/com.st.stm32cube.ide.mcu.externaltools.gnu-tools-for-stm32.9-2020-q2-update.win32_2.0.0.202105311346/tools/bin/../lib/gcc/arm-none-eabi/9.3.1/../../../../arm-none-eabi/lib/thumb/v7e-m+fp/hard\libc_nano.a
LOAD f:/programs/stm32cubeide_1.6.0/stm32cubeide/plugins/com.st.stm32cube.ide.mcu.externaltools.gnu-tools-for-stm32.9-2020-q2-update.win32_2.0.0.202105311346/tools/bin/../lib/gcc/arm-none-eabi/9.3.1/../../../../arm-none-eabi/lib/thumb/v7e-m+fp/hard\libnosys.a
END GROUP
START GROUP
LOAD f:/programs/stm32cubeide_1.6.0/stm32cubeide/plugins/com.st.stm32cube.ide.mcu.externaltools.gnu-tools-for-stm32.9-2020-q2-update.win32_2.0.0.202105311346/tools/bin/../lib/gcc/arm-none-eabi/9.3.1/thumb/v7e-m+fp/hard\libgcc.a
LOAD f:/programs/stm32cubeide_1.6.0/stm32cubeide/plugins/com.st.stm32cube.ide.mcu.externaltools.gnu-tools-for-stm32.9-2020-q2-update.win32_2.0.0.202105311346/tools/bin/../lib/gcc/arm-none-eabi/9.3.1/../../../../arm-none-eabi/lib/thumb/v7e-m+fp/hard\libc_nano.a
LOAD f:/programs/stm32cubeide_1.6.0/stm32cubeide/plugins/com.st.stm32cube.ide.mcu.externaltools.gnu-tools-for-stm32.9-2020-q2-update.win32_2.0.0.202105311346/tools/bin/../lib/gcc/arm-none-eabi/9.3.1/../../../../arm-none-eabi/lib/thumb/v7e-m+fp/hard\libnosys.a
END GROUP
LOAD f:/programs/stm32cubeide_1.6.0/stm32cubeide/plugins/com.st.stm32cube.ide.mcu.externaltools.gnu-tools-for-stm32.9-2020-q2-update.win32_2.0.0.202105311346/tools/bin/../lib/gcc/arm-none-eabi/9.3.1/thumb/v7e-m+fp/hard/crtend.o
LOAD f:/programs/stm32cubeide_1.6.0/stm32cubeide/plugins/com.st.stm32cube.ide.mcu.externaltools.gnu-tools-for-stm32.9-2020-q2-update.win32_2.0.0.202105311346/tools/bin/../lib/gcc/arm-none-eabi/9.3.1/thumb/v7e-m+fp/hard/crtn.o
                0x0000000020030000                _estack = (ORIGIN (RAM) + LENGTH (RAM))
                0x0000000000000200                _Min_Heap_Size = 0x200
                0x0000000000000400                _Min_Stack_Size = 0x400

.isr_vector     0x0000000008000000      0x1ac
                0x0000000008000000                . = ALIGN (0x4)
 *(.isr_vector)
 .isr_vector    0x0000000008000000      0x1ac ./Core/Startup/startup_stm32f429zitx.o
                0x0000000008000000                g_pfnVectors
                0x00000000080001ac                . = ALIGN (0x4)

.text           0x00000000080001ac     0x3c68
                0x00000000080001ac                . = ALIGN (0x4)
 *(.text)
 .text          0x00000000080001ac       0x40 f:/programs/stm32cubeide_1.6.0/stm32cubeide/plugins/com.st.stm32cube.ide.mcu.externaltools.gnu-tools-for-stm32.9-2020-q2-update.win32_2.0.0.202105311346/tools/bin/../lib/gcc/arm-none-eabi/9.3.1/thumb/v7e-m+fp/hard/crtbegin.o
 .text          0x00000000080001ec       0x30 f:/programs/stm32cubeide_1.6.0/stm32cubeide/plugins/com.st.stm32cube.ide.mcu.externaltools.gnu-tools-for-stm32.9-2020-q2-update.win32_2.0.0.202105311346/tools/bin/../lib/gcc/arm-none-eabi/9.3.1/thumb/v7e-m+fp/hard\libgcc.a(_aeabi_uldivmod.o)
                0x00000000080001ec                __aeabi_uldivmod
 .text          0x000000000800021c      0x2c4 f:/programs/stm32cubeide_1.6.0/stm32cubeide/plugins/com.st.stm32cube.ide.mcu.externaltools.gnu-tools-for-stm32.9-2020-q2-update.win32_2.0.0.202105311346/tools/bin/../lib/gcc/arm-none-eabi/9.3.1/thumb/v7e-m+fp/hard\libgcc.a(_udivmoddi4.o)
                0x000000000800021c                __udivmoddi4
 .text          0x00000000080004e0        0x4 f:/programs/stm32cubeide_1.6.0/stm32cubeide/plugins/com.st.stm32cube.ide.mcu.externaltools.gnu-tools-for-stm32.9-2020-q2-update.win32_2.0.0.202105311346/tools/bin/../lib/gcc/arm-none-eabi/9.3.1/thumb/v7e-m+fp/hard\libgcc.a(_dvmd_tls.o)
                0x00000000080004e0                __aeabi_idiv0
                0x00000000080004e0                __aeabi_ldiv0
 *(.text*)
 .text.MX_ADC1_Init
                0x00000000080004e4       0xa4 ./Core/Src/adc.o
                0x00000000080004e4                MX_ADC1_Init
 .text.HAL_ADC_MspInit
                0x0000000008000588       0x44 ./Core/Src/adc.o
                0x0000000008000588                HAL_ADC_MspInit
 .text.MX_DMA_Init
                0x00000000080005cc       0x40 ./Core/Src/dma.o
                0x00000000080005cc                MX_DMA_Init
 .text.MX_GPIO_Init
                0x000000000800060c      0x1e4 ./Core/Src/gpio.o
                0x000000000800060c                MX_GPIO_Init
 .text.main     0x00000000080007f0       0xa4 ./Core/Src/main.o
                0x00000000080007f0                main
 .text.SystemClock_Config
                0x0000000008000894       0xd4 ./Core/Src/main.o
                0x0000000008000894                SystemClock_Config
 .text.Error_Handler
                0x0000000008000968        0xa ./Core/Src/main.o
                0x0000000008000968                Error_Handler
 *fill*         0x0000000008000972        0x2 
 .text.HAL_MspInit
                0x0000000008000974       0x50 ./Core/Src/stm32f4xx_hal_msp.o
                0x0000000008000974                HAL_MspInit
 .text.NMI_Handler
                0x00000000080009c4        0x6 ./Core/Src/stm32f4xx_it.o
                0x00000000080009c4                NMI_Handler
 .text.HardFault_Handler
                0x00000000080009ca        0x6 ./Core/Src/stm32f4xx_it.o
                0x00000000080009ca                HardFault_Handler
 .text.MemManage_Handler
                0x00000000080009d0        0x6 ./Core/Src/stm32f4xx_it.o
                0x00000000080009d0                MemManage_Handler
 .text.BusFault_Handler
                0x00000000080009d6        0x6 ./Core/Src/stm32f4xx_it.o
                0x00000000080009d6                BusFault_Handler
 .text.UsageFault_Handler
                0x00000000080009dc        0x6 ./Core/Src/stm32f4xx_it.o
                0x00000000080009dc                UsageFault_Handler
 .text.SVC_Handler
                0x00000000080009e2        0xe ./Core/Src/stm32f4xx_it.o
                0x00000000080009e2                SVC_Handler
 .text.DebugMon_Handler
                0x00000000080009f0        0xe ./Core/Src/stm32f4xx_it.o
                0x00000000080009f0                DebugMon_Handler
 .text.PendSV_Handler
                0x00000000080009fe        0xe ./Core/Src/stm32f4xx_it.o
                0x00000000080009fe                PendSV_Handler
 .text.SysTick_Handler
                0x0000000008000a0c        0xc ./Core/Src/stm32f4xx_it.o
                0x0000000008000a0c                SysTick_Handler
 .text.DMA1_Stream1_IRQHandler
                0x0000000008000a18       0x14 ./Core/Src/stm32f4xx_it.o
                0x0000000008000a18                DMA1_Stream1_IRQHandler
 .text.USART3_IRQHandler
                0x0000000008000a2c       0x2c ./Core/Src/stm32f4xx_it.o
                0x0000000008000a2c                USART3_IRQHandler
 .text.SystemInit
                0x0000000008000a58       0x24 ./Core/Src/system_stm32f4xx.o
                0x0000000008000a58                SystemInit
 .text.MX_USART3_UART_Init
                0x0000000008000a7c       0x54 ./Core/Src/usart.o
                0x0000000008000a7c                MX_USART3_UART_Init
 .text.HAL_UART_MspInit
                0x0000000008000ad0      0x108 ./Core/Src/usart.o
                0x0000000008000ad0                HAL_UART_MspInit
 .text.MX_USB_OTG_FS_PCD_Init
                0x0000000008000bd8       0x5c ./Core/Src/usb_otg.o
                0x0000000008000bd8                MX_USB_OTG_FS_PCD_Init
 .text.HAL_PCD_MspInit
                0x0000000008000c34       0xb4 ./Core/Src/usb_otg.o
                0x0000000008000c34                HAL_PCD_MspInit
 .text.Reset_Handler
                0x0000000008000ce8       0x50 ./Core/Startup/startup_stm32f429zitx.o
                0x0000000008000ce8                Reset_Handler
 .text.Default_Handler
                0x0000000008000d38        0x2 ./Core/Startup/startup_stm32f429zitx.o
                0x0000000008000d38                RTC_Alarm_IRQHandler
                0x0000000008000d38                HASH_RNG_IRQHandler
                0x0000000008000d38                EXTI2_IRQHandler
                0x0000000008000d38                TIM8_CC_IRQHandler
                0x0000000008000d38                UART8_IRQHandler
                0x0000000008000d38                SPI4_IRQHandler
                0x0000000008000d38                TIM1_CC_IRQHandler
                0x0000000008000d38                DMA2_Stream5_IRQHandler
                0x0000000008000d38                DMA1_Stream5_IRQHandler
                0x0000000008000d38                PVD_IRQHandler
                0x0000000008000d38                SDIO_IRQHandler
                0x0000000008000d38                TAMP_STAMP_IRQHandler
                0x0000000008000d38                CAN2_RX1_IRQHandler
                0x0000000008000d38                EXTI3_IRQHandler
                0x0000000008000d38                TIM8_TRG_COM_TIM14_IRQHandler
                0x0000000008000d38                TIM1_UP_TIM10_IRQHandler
                0x0000000008000d38                TIM8_UP_TIM13_IRQHandler
                0x0000000008000d38                I2C3_ER_IRQHandler
                0x0000000008000d38                EXTI0_IRQHandler
                0x0000000008000d38                I2C2_EV_IRQHandler
                0x0000000008000d38                DMA1_Stream2_IRQHandler
                0x0000000008000d38                CAN1_RX0_IRQHandler
                0x0000000008000d38                FPU_IRQHandler
                0x0000000008000d38                OTG_HS_WKUP_IRQHandler
                0x0000000008000d38                LTDC_ER_IRQHandler
                0x0000000008000d38                CAN2_SCE_IRQHandler
                0x0000000008000d38                DMA2_Stream2_IRQHandler
                0x0000000008000d38                SPI1_IRQHandler
                0x0000000008000d38                TIM6_DAC_IRQHandler
                0x0000000008000d38                TIM1_BRK_TIM9_IRQHandler
                0x0000000008000d38                DCMI_IRQHandler
                0x0000000008000d38                CAN2_RX0_IRQHandler
                0x0000000008000d38                DMA2_Stream3_IRQHandler
                0x0000000008000d38                USART6_IRQHandler
                0x0000000008000d38                CAN1_RX1_IRQHandler
                0x0000000008000d38                UART5_IRQHandler
                0x0000000008000d38                DMA2_Stream0_IRQHandler
                0x0000000008000d38                TIM4_IRQHandler
                0x0000000008000d38                I2C1_EV_IRQHandler
                0x0000000008000d38                DMA1_Stream6_IRQHandler
                0x0000000008000d38                UART4_IRQHandler
                0x0000000008000d38                TIM3_IRQHandler
                0x0000000008000d38                RCC_IRQHandler
                0x0000000008000d38                TIM8_BRK_TIM12_IRQHandler
                0x0000000008000d38                Default_Handler
                0x0000000008000d38                EXTI15_10_IRQHandler
                0x0000000008000d38                ADC_IRQHandler
                0x0000000008000d38                DMA1_Stream7_IRQHandler
                0x0000000008000d38                SPI5_IRQHandler
                0x0000000008000d38                TIM7_IRQHandler
                0x0000000008000d38                CAN2_TX_IRQHandler
                0x0000000008000d38                TIM5_IRQHandler
                0x0000000008000d38                DMA2_Stream7_IRQHandler
                0x0000000008000d38                I2C3_EV_IRQHandler
                0x0000000008000d38                EXTI9_5_IRQHandler
                0x0000000008000d38                RTC_WKUP_IRQHandler
                0x0000000008000d38                LTDC_IRQHandler
                0x0000000008000d38                ETH_WKUP_IRQHandler
                0x0000000008000d38                SPI2_IRQHandler
                0x0000000008000d38                OTG_HS_EP1_IN_IRQHandler
                0x0000000008000d38                DMA1_Stream0_IRQHandler
                0x0000000008000d38                CAN1_TX_IRQHandler
                0x0000000008000d38                EXTI4_IRQHandler
                0x0000000008000d38                ETH_IRQHandler
                0x0000000008000d38                OTG_HS_EP1_OUT_IRQHandler
                0x0000000008000d38                WWDG_IRQHandler
                0x0000000008000d38                SPI6_IRQHandler
                0x0000000008000d38                TIM2_IRQHandler
                0x0000000008000d38                OTG_FS_WKUP_IRQHandler
                0x0000000008000d38                TIM1_TRG_COM_TIM11_IRQHandler
                0x0000000008000d38                OTG_HS_IRQHandler
                0x0000000008000d38                DMA2D_IRQHandler
                0x0000000008000d38                EXTI1_IRQHandler
                0x0000000008000d38                UART7_IRQHandler
                0x0000000008000d38                USART2_IRQHandler
                0x0000000008000d38                I2C2_ER_IRQHandler
                0x0000000008000d38                DMA2_Stream1_IRQHandler
                0x0000000008000d38                CAN1_SCE_IRQHandler
                0x0000000008000d38                FLASH_IRQHandler
                0x0000000008000d38                DMA2_Stream4_IRQHandler
                0x0000000008000d38                USART1_IRQHandler
                0x0000000008000d38                OTG_FS_IRQHandler
                0x0000000008000d38                SPI3_IRQHandler
                0x0000000008000d38                DMA1_Stream4_IRQHandler
                0x0000000008000d38                I2C1_ER_IRQHandler
                0x0000000008000d38                FMC_IRQHandler
                0x0000000008000d38                DMA2_Stream6_IRQHandler
                0x0000000008000d38                SAI1_IRQHandler
                0x0000000008000d38                DMA1_Stream3_IRQHandler
 *fill*         0x0000000008000d3a        0x2 
 .text.HAL_Init
                0x0000000008000d3c       0x44 ./Drivers/STM32F4xx_HAL_Driver/Src/stm32f4xx_hal.o
                0x0000000008000d3c                HAL_Init
 .text.HAL_InitTick
                0x0000000008000d80       0x60 ./Drivers/STM32F4xx_HAL_Driver/Src/stm32f4xx_hal.o
                0x0000000008000d80                HAL_InitTick
 .text.HAL_IncTick
                0x0000000008000de0       0x28 ./Drivers/STM32F4xx_HAL_Driver/Src/stm32f4xx_hal.o
                0x0000000008000de0                HAL_IncTick
 .text.HAL_GetTick
                0x0000000008000e08       0x18 ./Drivers/STM32F4xx_HAL_Driver/Src/stm32f4xx_hal.o
                0x0000000008000e08                HAL_GetTick
 .text.HAL_Delay
                0x0000000008000e20       0x48 ./Drivers/STM32F4xx_HAL_Driver/Src/stm32f4xx_hal.o
                0x0000000008000e20                HAL_Delay
 .text.HAL_ADC_Init
                0x0000000008000e68       0x86 ./Drivers/STM32F4xx_HAL_Driver/Src/stm32f4xx_hal_adc.o
                0x0000000008000e68                HAL_ADC_Init
 *fill*         0x0000000008000eee        0x2 
 .text.HAL_ADC_ConfigChannel
                0x0000000008000ef0      0x264 ./Drivers/STM32F4xx_HAL_Driver/Src/stm32f4xx_hal_adc.o
                0x0000000008000ef0                HAL_ADC_ConfigChannel
 .text.ADC_Init
                0x0000000008001154      0x1f8 ./Drivers/STM32F4xx_HAL_Driver/Src/stm32f4xx_hal_adc.o
 .text.__NVIC_SetPriorityGrouping
                0x000000000800134c       0x48 ./Drivers/STM32F4xx_HAL_Driver/Src/stm32f4xx_hal_cortex.o
 .text.__NVIC_GetPriorityGrouping
                0x0000000008001394       0x1c ./Drivers/STM32F4xx_HAL_Driver/Src/stm32f4xx_hal_cortex.o
 .text.__NVIC_EnableIRQ
                0x00000000080013b0       0x3c ./Drivers/STM32F4xx_HAL_Driver/Src/stm32f4xx_hal_cortex.o
 .text.__NVIC_SetPriority
                0x00000000080013ec       0x54 ./Drivers/STM32F4xx_HAL_Driver/Src/stm32f4xx_hal_cortex.o
 .text.NVIC_EncodePriority
                0x0000000008001440       0x66 ./Drivers/STM32F4xx_HAL_Driver/Src/stm32f4xx_hal_cortex.o
 *fill*         0x00000000080014a6        0x2 
 .text.SysTick_Config
                0x00000000080014a8       0x44 ./Drivers/STM32F4xx_HAL_Driver/Src/stm32f4xx_hal_cortex.o
 .text.HAL_NVIC_SetPriorityGrouping
                0x00000000080014ec       0x16 ./Drivers/STM32F4xx_HAL_Driver/Src/stm32f4xx_hal_cortex.o
                0x00000000080014ec                HAL_NVIC_SetPriorityGrouping
 .text.HAL_NVIC_SetPriority
                0x0000000008001502       0x38 ./Drivers/STM32F4xx_HAL_Driver/Src/stm32f4xx_hal_cortex.o
                0x0000000008001502                HAL_NVIC_SetPriority
 .text.HAL_NVIC_EnableIRQ
                0x000000000800153a       0x1c ./Drivers/STM32F4xx_HAL_Driver/Src/stm32f4xx_hal_cortex.o
                0x000000000800153a                HAL_NVIC_EnableIRQ
 .text.HAL_SYSTICK_Config
                0x0000000008001556       0x18 ./Drivers/STM32F4xx_HAL_Driver/Src/stm32f4xx_hal_cortex.o
                0x0000000008001556                HAL_SYSTICK_Config
 *fill*         0x000000000800156e        0x2 
 .text.HAL_DMA_Init
                0x0000000008001570      0x15c ./Drivers/STM32F4xx_HAL_Driver/Src/stm32f4xx_hal_dma.o
                0x0000000008001570                HAL_DMA_Init
 .text.HAL_DMA_Abort
                0x00000000080016cc       0xe0 ./Drivers/STM32F4xx_HAL_Driver/Src/stm32f4xx_hal_dma.o
                0x00000000080016cc                HAL_DMA_Abort
 .text.HAL_DMA_Abort_IT
                0x00000000080017ac       0x44 ./Drivers/STM32F4xx_HAL_Driver/Src/stm32f4xx_hal_dma.o
                0x00000000080017ac                HAL_DMA_Abort_IT
 .text.HAL_DMA_IRQHandler
                0x00000000080017f0      0x314 ./Drivers/STM32F4xx_HAL_Driver/Src/stm32f4xx_hal_dma.o
                0x00000000080017f0                HAL_DMA_IRQHandler
 .text.DMA_CalcBaseAndBitshift
                0x0000000008001b04       0x6c ./Drivers/STM32F4xx_HAL_Driver/Src/stm32f4xx_hal_dma.o
 .text.DMA_CheckFifoParam
                0x0000000008001b70       0xf8 ./Drivers/STM32F4xx_HAL_Driver/Src/stm32f4xx_hal_dma.o
 .text.HAL_GPIO_Init
                0x0000000008001c68      0x358 ./Drivers/STM32F4xx_HAL_Driver/Src/stm32f4xx_hal_gpio.o
                0x0000000008001c68                HAL_GPIO_Init
 .text.HAL_GPIO_WritePin
                0x0000000008001fc0       0x32 ./Drivers/STM32F4xx_HAL_Driver/Src/stm32f4xx_hal_gpio.o
                0x0000000008001fc0                HAL_GPIO_WritePin
 .text.HAL_PCD_Init
                0x0000000008001ff2      0x23a ./Drivers/STM32F4xx_HAL_Driver/Src/stm32f4xx_hal_pcd.o
                0x0000000008001ff2                HAL_PCD_Init
 .text.HAL_RCC_OscConfig
                0x000000000800222c      0x4f0 ./Drivers/STM32F4xx_HAL_Driver/Src/stm32f4xx_hal_rcc.o
                0x000000000800222c                HAL_RCC_OscConfig
 .text.HAL_RCC_ClockConfig
                0x000000000800271c      0x1cc ./Drivers/STM32F4xx_HAL_Driver/Src/stm32f4xx_hal_rcc.o
                0x000000000800271c                HAL_RCC_ClockConfig
 .text.HAL_RCC_GetSysClockFreq
                0x00000000080028e8      0x1c4 ./Drivers/STM32F4xx_HAL_Driver/Src/stm32f4xx_hal_rcc.o
                0x00000000080028e8                HAL_RCC_GetSysClockFreq
 .text.HAL_RCC_GetHCLKFreq
                0x0000000008002aac       0x18 ./Drivers/STM32F4xx_HAL_Driver/Src/stm32f4xx_hal_rcc.o
                0x0000000008002aac                HAL_RCC_GetHCLKFreq
 .text.HAL_RCC_GetPCLK1Freq
                0x0000000008002ac4       0x28 ./Drivers/STM32F4xx_HAL_Driver/Src/stm32f4xx_hal_rcc.o
                0x0000000008002ac4                HAL_RCC_GetPCLK1Freq
 .text.HAL_RCC_GetPCLK2Freq
                0x0000000008002aec       0x28 ./Drivers/STM32F4xx_HAL_Driver/Src/stm32f4xx_hal_rcc.o
                0x0000000008002aec                HAL_RCC_GetPCLK2Freq
 .text.HAL_UART_Init
                0x0000000008002b14       0x9a ./Drivers/STM32F4xx_HAL_Driver/Src/stm32f4xx_hal_uart.o
                0x0000000008002b14                HAL_UART_Init
 *fill*         0x0000000008002bae        0x2 
 .text.HAL_UART_IRQHandler
                0x0000000008002bb0      0x51c ./Drivers/STM32F4xx_HAL_Driver/Src/stm32f4xx_hal_uart.o
                0x0000000008002bb0                HAL_UART_IRQHandler
 .text.HAL_UART_TxCpltCallback
                0x00000000080030cc       0x14 ./Drivers/STM32F4xx_HAL_Driver/Src/stm32f4xx_hal_uart.o
                0x00000000080030cc                HAL_UART_TxCpltCallback
 .text.HAL_UART_RxCpltCallback
                0x00000000080030e0       0x14 ./Drivers/STM32F4xx_HAL_Driver/Src/stm32f4xx_hal_uart.o
                0x00000000080030e0                HAL_UART_RxCpltCallback
 .text.HAL_UART_ErrorCallback
                0x00000000080030f4       0x14 ./Drivers/STM32F4xx_HAL_Driver/Src/stm32f4xx_hal_uart.o
                0x00000000080030f4                HAL_UART_ErrorCallback
 .text.HAL_UARTEx_RxEventCallback
                0x0000000008003108       0x18 ./Drivers/STM32F4xx_HAL_Driver/Src/stm32f4xx_hal_uart.o
                0x0000000008003108                HAL_UARTEx_RxEventCallback
 .text.UART_EndRxTransfer
                0x0000000008003120       0xc6 ./Drivers/STM32F4xx_HAL_Driver/Src/stm32f4xx_hal_uart.o
 .text.UART_DMAAbortOnError
                0x00000000080031e6       0x28 ./Drivers/STM32F4xx_HAL_Driver/Src/stm32f4xx_hal_uart.o
 .text.UART_Transmit_IT
                0x000000000800320e       0xa0 ./Drivers/STM32F4xx_HAL_Driver/Src/stm32f4xx_hal_uart.o
 .text.UART_EndTransmit_IT
                0x00000000080032ae       0x30 ./Drivers/STM32F4xx_HAL_Driver/Src/stm32f4xx_hal_uart.o
 .text.UART_Receive_IT
                0x00000000080032de      0x176 ./Drivers/STM32F4xx_HAL_Driver/Src/stm32f4xx_hal_uart.o
 .text.UART_SetConfig
                0x0000000008003454      0x390 ./Drivers/STM32F4xx_HAL_Driver/Src/stm32f4xx_hal_uart.o
 .text.USB_CoreInit
                0x00000000080037e4       0xc2 ./Drivers/STM32F4xx_HAL_Driver/Src/stm32f4xx_ll_usb.o
                0x00000000080037e4                USB_CoreInit
 .text.USB_DisableGlobalInt
                0x00000000080038a6       0x22 ./Drivers/STM32F4xx_HAL_Driver/Src/stm32f4xx_ll_usb.o
                0x00000000080038a6                USB_DisableGlobalInt
 .text.USB_SetCurrentMode
                0x00000000080038c8       0x98 ./Drivers/STM32F4xx_HAL_Driver/Src/stm32f4xx_ll_usb.o
                0x00000000080038c8                USB_SetCurrentMode
 .text.USB_DevInit
                0x0000000008003960      0x2c8 ./Drivers/STM32F4xx_HAL_Driver/Src/stm32f4xx_ll_usb.o
                0x0000000008003960                USB_DevInit
 .text.USB_FlushTxFifo
                0x0000000008003c28       0x48 ./Drivers/STM32F4xx_HAL_Driver/Src/stm32f4xx_ll_usb.o
                0x0000000008003c28                USB_FlushTxFifo
 .text.USB_FlushRxFifo
                0x0000000008003c70       0x40 ./Drivers/STM32F4xx_HAL_Driver/Src/stm32f4xx_ll_usb.o
                0x0000000008003c70                USB_FlushRxFifo
 .text.USB_SetDevSpeed
                0x0000000008003cb0       0x32 ./Drivers/STM32F4xx_HAL_Driver/Src/stm32f4xx_ll_usb.o
                0x0000000008003cb0                USB_SetDevSpeed
 .text.USB_DevDisconnect
                0x0000000008003ce2       0x42 ./Drivers/STM32F4xx_HAL_Driver/Src/stm32f4xx_ll_usb.o
                0x0000000008003ce2                USB_DevDisconnect
 .text.USB_GetMode
                0x0000000008003d24       0x1c ./Drivers/STM32F4xx_HAL_Driver/Src/stm32f4xx_ll_usb.o
                0x0000000008003d24                USB_GetMode
 .text.USB_CoreReset
                0x0000000008003d40       0x64 ./Drivers/STM32F4xx_HAL_Driver/Src/stm32f4xx_ll_usb.o
 .text.__libc_init_array
                0x0000000008003da4       0x48 f:/programs/stm32cubeide_1.6.0/stm32cubeide/plugins/com.st.stm32cube.ide.mcu.externaltools.gnu-tools-for-stm32.9-2020-q2-update.win32_2.0.0.202105311346/tools/bin/../lib/gcc/arm-none-eabi/9.3.1/../../../../arm-none-eabi/lib/thumb/v7e-m+fp/hard\libc_nano.a(lib_a-init.o)
                0x0000000008003da4                __libc_init_array
 .text.memset   0x0000000008003dec       0x10 f:/programs/stm32cubeide_1.6.0/stm32cubeide/plugins/com.st.stm32cube.ide.mcu.externaltools.gnu-tools-for-stm32.9-2020-q2-update.win32_2.0.0.202105311346/tools/bin/../lib/gcc/arm-none-eabi/9.3.1/../../../../arm-none-eabi/lib/thumb/v7e-m+fp/hard\libc_nano.a(lib_a-memset.o)
                0x0000000008003dec                memset
 *(.glue_7)
 .glue_7        0x0000000008003dfc        0x0 linker stubs
 *(.glue_7t)
 .glue_7t       0x0000000008003dfc        0x0 linker stubs
 *(.eh_frame)
 .eh_frame      0x0000000008003dfc        0x0 f:/programs/stm32cubeide_1.6.0/stm32cubeide/plugins/com.st.stm32cube.ide.mcu.externaltools.gnu-tools-for-stm32.9-2020-q2-update.win32_2.0.0.202105311346/tools/bin/../lib/gcc/arm-none-eabi/9.3.1/thumb/v7e-m+fp/hard/crtbegin.o
 *(.init)
 .init          0x0000000008003dfc        0x4 f:/programs/stm32cubeide_1.6.0/stm32cubeide/plugins/com.st.stm32cube.ide.mcu.externaltools.gnu-tools-for-stm32.9-2020-q2-update.win32_2.0.0.202105311346/tools/bin/../lib/gcc/arm-none-eabi/9.3.1/thumb/v7e-m+fp/hard/crti.o
                0x0000000008003dfc                _init
 .init          0x0000000008003e00        0x8 f:/programs/stm32cubeide_1.6.0/stm32cubeide/plugins/com.st.stm32cube.ide.mcu.externaltools.gnu-tools-for-stm32.9-2020-q2-update.win32_2.0.0.202105311346/tools/bin/../lib/gcc/arm-none-eabi/9.3.1/thumb/v7e-m+fp/hard/crtn.o
 *(.fini)
 .fini          0x0000000008003e08        0x4 f:/programs/stm32cubeide_1.6.0/stm32cubeide/plugins/com.st.stm32cube.ide.mcu.externaltools.gnu-tools-for-stm32.9-2020-q2-update.win32_2.0.0.202105311346/tools/bin/../lib/gcc/arm-none-eabi/9.3.1/thumb/v7e-m+fp/hard/crti.o
                0x0000000008003e08                _fini
 .fini          0x0000000008003e0c        0x8 f:/programs/stm32cubeide_1.6.0/stm32cubeide/plugins/com.st.stm32cube.ide.mcu.externaltools.gnu-tools-for-stm32.9-2020-q2-update.win32_2.0.0.202105311346/tools/bin/../lib/gcc/arm-none-eabi/9.3.1/thumb/v7e-m+fp/hard/crtn.o
                0x0000000008003e14                . = ALIGN (0x4)
                0x0000000008003e14                _etext = .

.vfp11_veneer   0x0000000008003e14        0x0
 .vfp11_veneer  0x0000000008003e14        0x0 linker stubs

.v4_bx          0x0000000008003e14        0x0
 .v4_bx         0x0000000008003e14        0x0 linker stubs

.iplt           0x0000000008003e14        0x0
 .iplt          0x0000000008003e14        0x0 f:/programs/stm32cubeide_1.6.0/stm32cubeide/plugins/com.st.stm32cube.ide.mcu.externaltools.gnu-tools-for-stm32.9-2020-q2-update.win32_2.0.0.202105311346/tools/bin/../lib/gcc/arm-none-eabi/9.3.1/thumb/v7e-m+fp/hard/crtbegin.o

.rodata         0x0000000008003e14       0x20
                0x0000000008003e14                . = ALIGN (0x4)
 *(.rodata)
 *(.rodata*)
 .rodata.AHBPrescTable
                0x0000000008003e14       0x10 ./Core/Src/system_stm32f4xx.o
                0x0000000008003e14                AHBPrescTable
 .rodata.APBPrescTable
                0x0000000008003e24        0x8 ./Core/Src/system_stm32f4xx.o
                0x0000000008003e24                APBPrescTable
 .rodata.flagBitshiftOffset.8784
                0x0000000008003e2c        0x8 ./Drivers/STM32F4xx_HAL_Driver/Src/stm32f4xx_hal_dma.o
                0x0000000008003e34                . = ALIGN (0x4)

.ARM.extab      0x0000000008003e34        0x0
                0x0000000008003e34                . = ALIGN (0x4)
 *(.ARM.extab* .gnu.linkonce.armextab.*)
                0x0000000008003e34                . = ALIGN (0x4)

.ARM            0x0000000008003e34        0x8
                0x0000000008003e34                . = ALIGN (0x4)
                0x0000000008003e34                __exidx_start = .
 *(.ARM.exidx*)
 .ARM.exidx     0x0000000008003e34        0x8 f:/programs/stm32cubeide_1.6.0/stm32cubeide/plugins/com.st.stm32cube.ide.mcu.externaltools.gnu-tools-for-stm32.9-2020-q2-update.win32_2.0.0.202105311346/tools/bin/../lib/gcc/arm-none-eabi/9.3.1/thumb/v7e-m+fp/hard\libgcc.a(_udivmoddi4.o)
                0x0000000008003e3c                __exidx_end = .
                0x0000000008003e3c                . = ALIGN (0x4)

.rel.dyn        0x0000000008003e3c        0x0
 .rel.iplt      0x0000000008003e3c        0x0 f:/programs/stm32cubeide_1.6.0/stm32cubeide/plugins/com.st.stm32cube.ide.mcu.externaltools.gnu-tools-for-stm32.9-2020-q2-update.win32_2.0.0.202105311346/tools/bin/../lib/gcc/arm-none-eabi/9.3.1/thumb/v7e-m+fp/hard/crtbegin.o

.preinit_array  0x0000000008003e3c        0x0
                0x0000000008003e3c                . = ALIGN (0x4)
                0x0000000008003e3c                PROVIDE (__preinit_array_start = .)
 *(.preinit_array*)
                0x0000000008003e3c                PROVIDE (__preinit_array_end = .)
                0x0000000008003e3c                . = ALIGN (0x4)

.init_array     0x0000000008003e3c        0x4
                0x0000000008003e3c                . = ALIGN (0x4)
                0x0000000008003e3c                PROVIDE (__init_array_start = .)
 *(SORT_BY_NAME(.init_array.*))
 *(.init_array*)
 .init_array    0x0000000008003e3c        0x4 f:/programs/stm32cubeide_1.6.0/stm32cubeide/plugins/com.st.stm32cube.ide.mcu.externaltools.gnu-tools-for-stm32.9-2020-q2-update.win32_2.0.0.202105311346/tools/bin/../lib/gcc/arm-none-eabi/9.3.1/thumb/v7e-m+fp/hard/crtbegin.o
                0x0000000008003e40                PROVIDE (__init_array_end = .)
                0x0000000008003e40                . = ALIGN (0x4)

.fini_array     0x0000000008003e40        0x4
                0x0000000008003e40                . = ALIGN (0x4)
                [!provide]                        PROVIDE (__fini_array_start = .)
 *(SORT_BY_NAME(.fini_array.*))
 *(.fini_array*)
 .fini_array    0x0000000008003e40        0x4 f:/programs/stm32cubeide_1.6.0/stm32cubeide/plugins/com.st.stm32cube.ide.mcu.externaltools.gnu-tools-for-stm32.9-2020-q2-update.win32_2.0.0.202105311346/tools/bin/../lib/gcc/arm-none-eabi/9.3.1/thumb/v7e-m+fp/hard/crtbegin.o
                [!provide]                        PROVIDE (__fini_array_end = .)
                0x0000000008003e44                . = ALIGN (0x4)
                0x0000000008003e44                _sidata = LOADADDR (.data)

.data           0x0000000020000000       0x10 load address 0x0000000008003e44
                0x0000000020000000                . = ALIGN (0x4)
                0x0000000020000000                _sdata = .
 *(.data)
 *(.data*)
 .data.flashing
                0x0000000020000000        0x1 ./Core/Src/main.o
                0x0000000020000000                flashing
 *fill*         0x0000000020000001        0x3 
 .data.SystemCoreClock
                0x0000000020000004        0x4 ./Core/Src/system_stm32f4xx.o
                0x0000000020000004                SystemCoreClock
 .data.uwTickPrio
                0x0000000020000008        0x4 ./Drivers/STM32F4xx_HAL_Driver/Src/stm32f4xx_hal.o
                0x0000000020000008                uwTickPrio
 .data.uwTickFreq
                0x000000002000000c        0x1 ./Drivers/STM32F4xx_HAL_Driver/Src/stm32f4xx_hal.o
                0x000000002000000c                uwTickFreq
 *(.RamFunc)
 *(.RamFunc*)
                0x0000000020000010                . = ALIGN (0x4)
 *fill*         0x000000002000000d        0x3 
                0x0000000020000010                _edata = .
                0x0000000008003e54                _siccmram = LOADADDR (.ccmram)

.igot.plt       0x0000000020000010        0x0 load address 0x0000000008003e54
 .igot.plt      0x0000000020000010        0x0 f:/programs/stm32cubeide_1.6.0/stm32cubeide/plugins/com.st.stm32cube.ide.mcu.externaltools.gnu-tools-for-stm32.9-2020-q2-update.win32_2.0.0.202105311346/tools/bin/../lib/gcc/arm-none-eabi/9.3.1/thumb/v7e-m+fp/hard/crtbegin.o

.ccmram         0x0000000010000000        0x0 load address 0x0000000008003e54
                0x0000000010000000                . = ALIGN (0x4)
                0x0000000010000000                _sccmram = .
 *(.ccmram)
 *(.ccmram*)
                0x0000000010000000                . = ALIGN (0x4)
                0x0000000010000000                _eccmram = .
                0x0000000010000000                . = ALIGN (0x4)

.bss            0x0000000020000010      0x514
                0x0000000020000010                _sbss = .
                0x0000000020000010                __bss_start__ = _sbss
 *(.bss)
 .bss           0x0000000020000010       0x1c f:/programs/stm32cubeide_1.6.0/stm32cubeide/plugins/com.st.stm32cube.ide.mcu.externaltools.gnu-tools-for-stm32.9-2020-q2-update.win32_2.0.0.202105311346/tools/bin/../lib/gcc/arm-none-eabi/9.3.1/thumb/v7e-m+fp/hard/crtbegin.o
 *(.bss*)
 *(COMMON)
 COMMON         0x000000002000002c       0x48 ./Core/Src/adc.o
                0x000000002000002c                hadc1
 COMMON         0x0000000020000074       0xa4 ./Core/Src/usart.o
                0x0000000020000074                hdma_usart3_rx
                0x00000000200000d4                huart3
 COMMON         0x0000000020000118      0x408 ./Core/Src/usb_otg.o
                0x0000000020000118                hpcd_USB_OTG_FS
 COMMON         0x0000000020000520        0x4 ./Drivers/STM32F4xx_HAL_Driver/Src/stm32f4xx_hal.o
                0x0000000020000520                uwTick
                0x0000000020000524                . = ALIGN (0x4)
                0x0000000020000524                _ebss = .
                0x0000000020000524                __bss_end__ = _ebss

._user_heap_stack
                0x0000000020000524      0x604
                0x0000000020000528                . = ALIGN (0x8)
 *fill*         0x0000000020000524        0x4 
                [!provide]                        PROVIDE (end = .)
                0x0000000020000528                PROVIDE (_end = .)
                0x0000000020000728                . = (. + _Min_Heap_Size)
 *fill*         0x0000000020000528      0x200 
                0x0000000020000b28                . = (. + _Min_Stack_Size)
 *fill*         0x0000000020000728      0x400 
                0x0000000020000b28                . = ALIGN (0x8)

/DISCARD/
 libc.a(*)
 libm.a(*)
 libgcc.a(*)

.ARM.attributes
                0x0000000000000000       0x30
 *(.ARM.attributes)
 .ARM.attributes
                0x0000000000000000       0x1e f:/programs/stm32cubeide_1.6.0/stm32cubeide/plugins/com.st.stm32cube.ide.mcu.externaltools.gnu-tools-for-stm32.9-2020-q2-update.win32_2.0.0.202105311346/tools/bin/../lib/gcc/arm-none-eabi/9.3.1/thumb/v7e-m+fp/hard/crti.o
 .ARM.attributes
                0x000000000000001e       0x34 f:/programs/stm32cubeide_1.6.0/stm32cubeide/plugins/com.st.stm32cube.ide.mcu.externaltools.gnu-tools-for-stm32.9-2020-q2-update.win32_2.0.0.202105311346/tools/bin/../lib/gcc/arm-none-eabi/9.3.1/thumb/v7e-m+fp/hard/crtbegin.o
 .ARM.attributes
                0x0000000000000052       0x34 ./Core/Src/adc.o
 .ARM.attributes
                0x0000000000000086       0x34 ./Core/Src/dma.o
 .ARM.attributes
                0x00000000000000ba       0x34 ./Core/Src/gpio.o
 .ARM.attributes
                0x00000000000000ee       0x34 ./Core/Src/main.o
 .ARM.attributes
                0x0000000000000122       0x34 ./Core/Src/stm32f4xx_hal_msp.o
 .ARM.attributes
                0x0000000000000156       0x34 ./Core/Src/stm32f4xx_it.o
 .ARM.attributes
                0x000000000000018a       0x34 ./Core/Src/system_stm32f4xx.o
 .ARM.attributes
                0x00000000000001be       0x34 ./Core/Src/usart.o
 .ARM.attributes
                0x00000000000001f2       0x34 ./Core/Src/usb_otg.o
 .ARM.attributes
                0x0000000000000226       0x21 ./Core/Startup/startup_stm32f429zitx.o
 .ARM.attributes
                0x0000000000000247       0x34 ./Drivers/STM32F4xx_HAL_Driver/Src/stm32f4xx_hal.o
 .ARM.attributes
                0x000000000000027b       0x34 ./Drivers/STM32F4xx_HAL_Driver/Src/stm32f4xx_hal_adc.o
 .ARM.attributes
                0x00000000000002af       0x34 ./Drivers/STM32F4xx_HAL_Driver/Src/stm32f4xx_hal_cortex.o
 .ARM.attributes
                0x00000000000002e3       0x34 ./Drivers/STM32F4xx_HAL_Driver/Src/stm32f4xx_hal_dma.o
 .ARM.attributes
                0x0000000000000317       0x34 ./Drivers/STM32F4xx_HAL_Driver/Src/stm32f4xx_hal_gpio.o
 .ARM.attributes
                0x000000000000034b       0x34 ./Drivers/STM32F4xx_HAL_Driver/Src/stm32f4xx_hal_pcd.o
 .ARM.attributes
                0x000000000000037f       0x34 ./Drivers/STM32F4xx_HAL_Driver/Src/stm32f4xx_hal_rcc.o
 .ARM.attributes
                0x00000000000003b3       0x34 ./Drivers/STM32F4xx_HAL_Driver/Src/stm32f4xx_hal_uart.o
 .ARM.attributes
                0x00000000000003e7       0x34 ./Drivers/STM32F4xx_HAL_Driver/Src/stm32f4xx_ll_usb.o
 .ARM.attributes
                0x000000000000041b       0x34 f:/programs/stm32cubeide_1.6.0/stm32cubeide/plugins/com.st.stm32cube.ide.mcu.externaltools.gnu-tools-for-stm32.9-2020-q2-update.win32_2.0.0.202105311346/tools/bin/../lib/gcc/arm-none-eabi/9.3.1/../../../../arm-none-eabi/lib/thumb/v7e-m+fp/hard\libc_nano.a(lib_a-init.o)
 .ARM.attributes
                0x000000000000044f       0x34 f:/programs/stm32cubeide_1.6.0/stm32cubeide/plugins/com.st.stm32cube.ide.mcu.externaltools.gnu-tools-for-stm32.9-2020-q2-update.win32_2.0.0.202105311346/tools/bin/../lib/gcc/arm-none-eabi/9.3.1/../../../../arm-none-eabi/lib/thumb/v7e-m+fp/hard\libc_nano.a(lib_a-memset.o)
 .ARM.attributes
                0x0000000000000483       0x1e f:/programs/stm32cubeide_1.6.0/stm32cubeide/plugins/com.st.stm32cube.ide.mcu.externaltools.gnu-tools-for-stm32.9-2020-q2-update.win32_2.0.0.202105311346/tools/bin/../lib/gcc/arm-none-eabi/9.3.1/thumb/v7e-m+fp/hard\libgcc.a(_aeabi_uldivmod.o)
 .ARM.attributes
                0x00000000000004a1       0x34 f:/programs/stm32cubeide_1.6.0/stm32cubeide/plugins/com.st.stm32cube.ide.mcu.externaltools.gnu-tools-for-stm32.9-2020-q2-update.win32_2.0.0.202105311346/tools/bin/../lib/gcc/arm-none-eabi/9.3.1/thumb/v7e-m+fp/hard\libgcc.a(_udivmoddi4.o)
 .ARM.attributes
                0x00000000000004d5       0x1e f:/programs/stm32cubeide_1.6.0/stm32cubeide/plugins/com.st.stm32cube.ide.mcu.externaltools.gnu-tools-for-stm32.9-2020-q2-update.win32_2.0.0.202105311346/tools/bin/../lib/gcc/arm-none-eabi/9.3.1/thumb/v7e-m+fp/hard\libgcc.a(_dvmd_tls.o)
 .ARM.attributes
                0x00000000000004f3       0x1e f:/programs/stm32cubeide_1.6.0/stm32cubeide/plugins/com.st.stm32cube.ide.mcu.externaltools.gnu-tools-for-stm32.9-2020-q2-update.win32_2.0.0.202105311346/tools/bin/../lib/gcc/arm-none-eabi/9.3.1/thumb/v7e-m+fp/hard/crtn.o
OUTPUT(lab1_proj.elf elf32-littlearm)
LOAD linker stubs
LOAD f:/programs/stm32cubeide_1.6.0/stm32cubeide/plugins/com.st.stm32cube.ide.mcu.externaltools.gnu-tools-for-stm32.9-2020-q2-update.win32_2.0.0.202105311346/tools/bin/../lib/gcc/arm-none-eabi/9.3.1/../../../../arm-none-eabi/lib/thumb/v7e-m+fp/hard\libc.a
LOAD f:/programs/stm32cubeide_1.6.0/stm32cubeide/plugins/com.st.stm32cube.ide.mcu.externaltools.gnu-tools-for-stm32.9-2020-q2-update.win32_2.0.0.202105311346/tools/bin/../lib/gcc/arm-none-eabi/9.3.1/../../../../arm-none-eabi/lib/thumb/v7e-m+fp/hard\libm.a
LOAD f:/programs/stm32cubeide_1.6.0/stm32cubeide/plugins/com.st.stm32cube.ide.mcu.externaltools.gnu-tools-for-stm32.9-2020-q2-update.win32_2.0.0.202105311346/tools/bin/../lib/gcc/arm-none-eabi/9.3.1/thumb/v7e-m+fp/hard\libgcc.a

.debug_info     0x0000000000000000     0xf07e
 .debug_info    0x0000000000000000      0x964 ./Core/Src/adc.o
 .debug_info    0x0000000000000964      0x5ee ./Core/Src/dma.o
 .debug_info    0x0000000000000f52      0x568 ./Core/Src/gpio.o
 .debug_info    0x00000000000014ba     0x1216 ./Core/Src/main.o
 .debug_info    0x00000000000026d0      0x3b0 ./Core/Src/stm32f4xx_hal_msp.o
 .debug_info    0x0000000000002a80      0x737 ./Core/Src/stm32f4xx_it.o
 .debug_info    0x00000000000031b7      0x5c0 ./Core/Src/system_stm32f4xx.o
 .debug_info    0x0000000000003777      0xc8d ./Core/Src/usart.o
 .debug_info    0x0000000000004404      0x9f9 ./Core/Src/usb_otg.o
 .debug_info    0x0000000000004dfd       0x22 ./Core/Startup/startup_stm32f429zitx.o
 .debug_info    0x0000000000004e1f      0xa2a ./Drivers/STM32F4xx_HAL_Driver/Src/stm32f4xx_hal.o
 .debug_info    0x0000000000005849      0xdbc ./Drivers/STM32F4xx_HAL_Driver/Src/stm32f4xx_hal_adc.o
 .debug_info    0x0000000000006605      0xf0d ./Drivers/STM32F4xx_HAL_Driver/Src/stm32f4xx_hal_cortex.o
 .debug_info    0x0000000000007512      0x9f1 ./Drivers/STM32F4xx_HAL_Driver/Src/stm32f4xx_hal_dma.o
 .debug_info    0x0000000000007f03      0x85a ./Drivers/STM32F4xx_HAL_Driver/Src/stm32f4xx_hal_gpio.o
 .debug_info    0x000000000000875d     0x12dd ./Drivers/STM32F4xx_HAL_Driver/Src/stm32f4xx_hal_pcd.o
 .debug_info    0x0000000000009a3a      0x9b2 ./Drivers/STM32F4xx_HAL_Driver/Src/stm32f4xx_hal_rcc.o
 .debug_info    0x000000000000a3ec     0x31de ./Drivers/STM32F4xx_HAL_Driver/Src/stm32f4xx_hal_uart.o
 .debug_info    0x000000000000d5ca     0x1ab4 ./Drivers/STM32F4xx_HAL_Driver/Src/stm32f4xx_ll_usb.o

.debug_abbrev   0x0000000000000000     0x2418
 .debug_abbrev  0x0000000000000000      0x1b0 ./Core/Src/adc.o
 .debug_abbrev  0x00000000000001b0      0x11b ./Core/Src/dma.o
 .debug_abbrev  0x00000000000002cb      0x14e ./Core/Src/gpio.o
 .debug_abbrev  0x0000000000000419      0x22e ./Core/Src/main.o
 .debug_abbrev  0x0000000000000647      0x11d ./Core/Src/stm32f4xx_hal_msp.o
 .debug_abbrev  0x0000000000000764      0x163 ./Core/Src/stm32f4xx_it.o
 .debug_abbrev  0x00000000000008c7      0x145 ./Core/Src/system_stm32f4xx.o
 .debug_abbrev  0x0000000000000a0c      0x1d7 ./Core/Src/usart.o
 .debug_abbrev  0x0000000000000be3      0x1da ./Core/Src/usb_otg.o
 .debug_abbrev  0x0000000000000dbd       0x12 ./Core/Startup/startup_stm32f429zitx.o
 .debug_abbrev  0x0000000000000dcf      0x1ed ./Drivers/STM32F4xx_HAL_Driver/Src/stm32f4xx_hal.o
 .debug_abbrev  0x0000000000000fbc      0x22f ./Drivers/STM32F4xx_HAL_Driver/Src/stm32f4xx_hal_adc.o
 .debug_abbrev  0x00000000000011eb      0x33c ./Drivers/STM32F4xx_HAL_Driver/Src/stm32f4xx_hal_cortex.o
 .debug_abbrev  0x0000000000001527      0x259 ./Drivers/STM32F4xx_HAL_Driver/Src/stm32f4xx_hal_dma.o
 .debug_abbrev  0x0000000000001780      0x1f1 ./Drivers/STM32F4xx_HAL_Driver/Src/stm32f4xx_hal_gpio.o
 .debug_abbrev  0x0000000000001971      0x2a0 ./Drivers/STM32F4xx_HAL_Driver/Src/stm32f4xx_hal_pcd.o
 .debug_abbrev  0x0000000000001c11      0x275 ./Drivers/STM32F4xx_HAL_Driver/Src/stm32f4xx_hal_rcc.o
 .debug_abbrev  0x0000000000001e86      0x2eb ./Drivers/STM32F4xx_HAL_Driver/Src/stm32f4xx_hal_uart.o
 .debug_abbrev  0x0000000000002171      0x2a7 ./Drivers/STM32F4xx_HAL_Driver/Src/stm32f4xx_ll_usb.o

.debug_aranges  0x0000000000000000      0xb20
 .debug_aranges
                0x0000000000000000       0x30 ./Core/Src/adc.o
 .debug_aranges
                0x0000000000000030       0x20 ./Core/Src/dma.o
 .debug_aranges
                0x0000000000000050       0x20 ./Core/Src/gpio.o
 .debug_aranges
                0x0000000000000070       0x30 ./Core/Src/main.o
 .debug_aranges
                0x00000000000000a0       0x20 ./Core/Src/stm32f4xx_hal_msp.o
 .debug_aranges
                0x00000000000000c0       0x70 ./Core/Src/stm32f4xx_it.o
 .debug_aranges
                0x0000000000000130       0x28 ./Core/Src/system_stm32f4xx.o
 .debug_aranges
                0x0000000000000158       0x30 ./Core/Src/usart.o
 .debug_aranges
                0x0000000000000188       0x30 ./Core/Src/usb_otg.o
 .debug_aranges
                0x00000000000001b8       0x28 ./Core/Startup/startup_stm32f429zitx.o
 .debug_aranges
                0x00000000000001e0      0x100 ./Drivers/STM32F4xx_HAL_Driver/Src/stm32f4xx_hal.o
 .debug_aranges
                0x00000000000002e0       0xe8 ./Drivers/STM32F4xx_HAL_Driver/Src/stm32f4xx_hal_adc.o
 .debug_aranges
                0x00000000000003c8      0x118 ./Drivers/STM32F4xx_HAL_Driver/Src/stm32f4xx_hal_cortex.o
 .debug_aranges
                0x00000000000004e0       0x90 ./Drivers/STM32F4xx_HAL_Driver/Src/stm32f4xx_hal_dma.o
 .debug_aranges
                0x0000000000000570       0x58 ./Drivers/STM32F4xx_HAL_Driver/Src/stm32f4xx_hal_gpio.o
 .debug_aranges
                0x00000000000005c8      0x138 ./Drivers/STM32F4xx_HAL_Driver/Src/stm32f4xx_hal_pcd.o
 .debug_aranges
                0x0000000000000700       0x88 ./Drivers/STM32F4xx_HAL_Driver/Src/stm32f4xx_hal_rcc.o
 .debug_aranges
                0x0000000000000788      0x200 ./Drivers/STM32F4xx_HAL_Driver/Src/stm32f4xx_hal_uart.o
 .debug_aranges
                0x0000000000000988      0x198 ./Drivers/STM32F4xx_HAL_Driver/Src/stm32f4xx_ll_usb.o

.debug_ranges   0x0000000000000000      0xa28
 .debug_ranges  0x0000000000000000       0x20 ./Core/Src/adc.o
 .debug_ranges  0x0000000000000020       0x10 ./Core/Src/dma.o
 .debug_ranges  0x0000000000000030       0x10 ./Core/Src/gpio.o
 .debug_ranges  0x0000000000000040       0x20 ./Core/Src/main.o
 .debug_ranges  0x0000000000000060       0x10 ./Core/Src/stm32f4xx_hal_msp.o
 .debug_ranges  0x0000000000000070       0x60 ./Core/Src/stm32f4xx_it.o
 .debug_ranges  0x00000000000000d0       0x18 ./Core/Src/system_stm32f4xx.o
 .debug_ranges  0x00000000000000e8       0x20 ./Core/Src/usart.o
 .debug_ranges  0x0000000000000108       0x20 ./Core/Src/usb_otg.o
 .debug_ranges  0x0000000000000128       0x20 ./Core/Startup/startup_stm32f429zitx.o
 .debug_ranges  0x0000000000000148       0xf0 ./Drivers/STM32F4xx_HAL_Driver/Src/stm32f4xx_hal.o
 .debug_ranges  0x0000000000000238       0xd8 ./Drivers/STM32F4xx_HAL_Driver/Src/stm32f4xx_hal_adc.o
 .debug_ranges  0x0000000000000310      0x108 ./Drivers/STM32F4xx_HAL_Driver/Src/stm32f4xx_hal_cortex.o
 .debug_ranges  0x0000000000000418       0x80 ./Drivers/STM32F4xx_HAL_Driver/Src/stm32f4xx_hal_dma.o
 .debug_ranges  0x0000000000000498       0x48 ./Drivers/STM32F4xx_HAL_Driver/Src/stm32f4xx_hal_gpio.o
 .debug_ranges  0x00000000000004e0      0x128 ./Drivers/STM32F4xx_HAL_Driver/Src/stm32f4xx_hal_pcd.o
 .debug_ranges  0x0000000000000608       0x78 ./Drivers/STM32F4xx_HAL_Driver/Src/stm32f4xx_hal_rcc.o
 .debug_ranges  0x0000000000000680      0x220 ./Drivers/STM32F4xx_HAL_Driver/Src/stm32f4xx_hal_uart.o
 .debug_ranges  0x00000000000008a0      0x188 ./Drivers/STM32F4xx_HAL_Driver/Src/stm32f4xx_ll_usb.o

.debug_macro    0x0000000000000000    0x24476
 .debug_macro   0x0000000000000000      0x21f ./Core/Src/adc.o
 .debug_macro   0x000000000000021f      0xaa8 ./Core/Src/adc.o
 .debug_macro   0x0000000000000cc7      0x2a1 ./Core/Src/adc.o
 .debug_macro   0x0000000000000f68       0x2e ./Core/Src/adc.o
 .debug_macro   0x0000000000000f96       0x28 ./Core/Src/adc.o
 .debug_macro   0x0000000000000fbe       0x22 ./Core/Src/adc.o
 .debug_macro   0x0000000000000fe0       0x8e ./Core/Src/adc.o
 .debug_macro   0x000000000000106e       0x51 ./Core/Src/adc.o
 .debug_macro   0x00000000000010bf      0x103 ./Core/Src/adc.o
 .debug_macro   0x00000000000011c2       0x6a ./Core/Src/adc.o
 .debug_macro   0x000000000000122c      0x1df ./Core/Src/adc.o
 .debug_macro   0x000000000000140b       0x1c ./Core/Src/adc.o
 .debug_macro   0x0000000000001427       0x22 ./Core/Src/adc.o
 .debug_macro   0x0000000000001449       0xdf ./Core/Src/adc.o
 .debug_macro   0x0000000000001528     0x102d ./Core/Src/adc.o
 .debug_macro   0x0000000000002555      0x11f ./Core/Src/adc.o
 .debug_macro   0x0000000000002674    0x17f91 ./Core/Src/adc.o
 .debug_macro   0x000000000001a605       0x6d ./Core/Src/adc.o
 .debug_macro   0x000000000001a672     0x36dd ./Core/Src/adc.o
 .debug_macro   0x000000000001dd4f      0x174 ./Core/Src/adc.o
 .debug_macro   0x000000000001dec3       0x5c ./Core/Src/adc.o
 .debug_macro   0x000000000001df1f      0xca5 ./Core/Src/adc.o
 .debug_macro   0x000000000001ebc4      0x9fe ./Core/Src/adc.o
 .debug_macro   0x000000000001f5c2      0x116 ./Core/Src/adc.o
 .debug_macro   0x000000000001f6d8      0x157 ./Core/Src/adc.o
 .debug_macro   0x000000000001f82f       0xa5 ./Core/Src/adc.o
 .debug_macro   0x000000000001f8d4      0x182 ./Core/Src/adc.o
 .debug_macro   0x000000000001fa56      0x287 ./Core/Src/adc.o
 .debug_macro   0x000000000001fcdd       0x5f ./Core/Src/adc.o
 .debug_macro   0x000000000001fd3c      0x236 ./Core/Src/adc.o
 .debug_macro   0x000000000001ff72      0xb54 ./Core/Src/adc.o
 .debug_macro   0x0000000000020ac6      0x38b ./Core/Src/adc.o
 .debug_macro   0x0000000000020e51      0x184 ./Core/Src/adc.o
 .debug_macro   0x0000000000020fd5       0xf9 ./Core/Src/adc.o
 .debug_macro   0x00000000000210ce      0x132 ./Core/Src/adc.o
 .debug_macro   0x0000000000021200      0x41d ./Core/Src/adc.o
 .debug_macro   0x000000000002161d       0x2e ./Core/Src/adc.o
 .debug_macro   0x000000000002164b      0x11a ./Core/Src/adc.o
 .debug_macro   0x0000000000021765       0xe2 ./Core/Src/adc.o
 .debug_macro   0x0000000000021847       0x89 ./Core/Src/adc.o
 .debug_macro   0x00000000000218d0      0x295 ./Core/Src/adc.o
 .debug_macro   0x0000000000021b65      0x21e ./Core/Src/adc.o
 .debug_macro   0x0000000000021d83       0xba ./Core/Src/adc.o
 .debug_macro   0x0000000000021e3d      0x134 ./Core/Src/adc.o
 .debug_macro   0x0000000000021f71      0x130 ./Core/Src/adc.o
 .debug_macro   0x00000000000220a1      0x21f ./Core/Src/dma.o
 .debug_macro   0x00000000000222c0      0x21f ./Core/Src/gpio.o
 .debug_macro   0x00000000000224df      0x24b ./Core/Src/main.o
 .debug_macro   0x000000000002272a      0x215 ./Core/Src/stm32f4xx_hal_msp.o
 .debug_macro   0x000000000002293f      0x21f ./Core/Src/stm32f4xx_it.o
 .debug_macro   0x0000000000022b5e      0x206 ./Core/Src/system_stm32f4xx.o
 .debug_macro   0x0000000000022d64      0x21f ./Core/Src/usart.o
 .debug_macro   0x0000000000022f83      0x21f ./Core/Src/usb_otg.o
 .debug_macro   0x00000000000231a2      0x266 ./Drivers/STM32F4xx_HAL_Driver/Src/stm32f4xx_hal.o
 .debug_macro   0x0000000000023408      0x207 ./Drivers/STM32F4xx_HAL_Driver/Src/stm32f4xx_hal_adc.o
 .debug_macro   0x000000000002360f      0x206 ./Drivers/STM32F4xx_HAL_Driver/Src/stm32f4xx_hal_cortex.o
 .debug_macro   0x0000000000023815      0x20c ./Drivers/STM32F4xx_HAL_Driver/Src/stm32f4xx_hal_dma.o
 .debug_macro   0x0000000000023a21      0x20c ./Drivers/STM32F4xx_HAL_Driver/Src/stm32f4xx_hal_gpio.o
 .debug_macro   0x0000000000023c2d      0x212 ./Drivers/STM32F4xx_HAL_Driver/Src/stm32f4xx_hal_pcd.o
 .debug_macro   0x0000000000023e3f      0x22a ./Drivers/STM32F4xx_HAL_Driver/Src/stm32f4xx_hal_rcc.o
 .debug_macro   0x0000000000024069      0x207 ./Drivers/STM32F4xx_HAL_Driver/Src/stm32f4xx_hal_uart.o
 .debug_macro   0x0000000000024270      0x206 ./Drivers/STM32F4xx_HAL_Driver/Src/stm32f4xx_ll_usb.o

.debug_line     0x0000000000000000     0xf055
 .debug_line    0x0000000000000000      0x7ac ./Core/Src/adc.o
 .debug_line    0x00000000000007ac      0x737 ./Core/Src/dma.o
 .debug_line    0x0000000000000ee3      0x7af ./Core/Src/gpio.o
 .debug_line    0x0000000000001692      0x7f5 ./Core/Src/main.o
 .debug_line    0x0000000000001e87      0x73c ./Core/Src/stm32f4xx_hal_msp.o
 .debug_line    0x00000000000025c3      0x834 ./Core/Src/stm32f4xx_it.o
 .debug_line    0x0000000000002df7      0x7bd ./Core/Src/system_stm32f4xx.o
 .debug_line    0x00000000000035b4      0x7cf ./Core/Src/usart.o
 .debug_line    0x0000000000003d83      0x7b8 ./Core/Src/usb_otg.o
 .debug_line    0x000000000000453b       0x88 ./Core/Startup/startup_stm32f429zitx.o
 .debug_line    0x00000000000045c3      0xa59 ./Drivers/STM32F4xx_HAL_Driver/Src/stm32f4xx_hal.o
 .debug_line    0x000000000000501c     0x12b3 ./Drivers/STM32F4xx_HAL_Driver/Src/stm32f4xx_hal_adc.o
 .debug_line    0x00000000000062cf      0xcd2 ./Drivers/STM32F4xx_HAL_Driver/Src/stm32f4xx_hal_cortex.o
 .debug_line    0x0000000000006fa1      0xf88 ./Drivers/STM32F4xx_HAL_Driver/Src/stm32f4xx_hal_dma.o
 .debug_line    0x0000000000007f29      0xbc1 ./Drivers/STM32F4xx_HAL_Driver/Src/stm32f4xx_hal_gpio.o
 .debug_line    0x0000000000008aea     0x1370 ./Drivers/STM32F4xx_HAL_Driver/Src/stm32f4xx_hal_pcd.o
 .debug_line    0x0000000000009e5a      0xd9f ./Drivers/STM32F4xx_HAL_Driver/Src/stm32f4xx_hal_rcc.o
 .debug_line    0x000000000000abf9     0x2aaa ./Drivers/STM32F4xx_HAL_Driver/Src/stm32f4xx_hal_uart.o
 .debug_line    0x000000000000d6a3     0x19b2 ./Drivers/STM32F4xx_HAL_Driver/Src/stm32f4xx_ll_usb.o

.debug_str      0x0000000000000000    0xdc78b
 .debug_str     0x0000000000000000    0xd936e ./Core/Src/adc.o
                                      0xd9659 (size before relaxing)
 .debug_str     0x00000000000d936e      0x568 ./Core/Src/dma.o
                                      0xd9748 (size before relaxing)
 .debug_str     0x00000000000d98d6       0xb5 ./Core/Src/gpio.o
                                      0xd9296 (size before relaxing)
 .debug_str     0x00000000000d998b      0x67d ./Core/Src/main.o
                                      0xd9cf5 (size before relaxing)
 .debug_str     0x00000000000da008       0x2c ./Core/Src/stm32f4xx_hal_msp.o
                                      0xd91f9 (size before relaxing)
 .debug_str     0x00000000000da034       0xf6 ./Core/Src/stm32f4xx_it.o
                                      0xd95f2 (size before relaxing)
 .debug_str     0x00000000000da12a       0xaf ./Core/Src/system_stm32f4xx.o
                                      0xd8daa (size before relaxing)
 .debug_str     0x00000000000da1d9       0x57 ./Core/Src/usart.o
                                      0xd9c5c (size before relaxing)
 .debug_str     0x00000000000da230       0x59 ./Core/Src/usb_otg.o
                                      0xd967a (size before relaxing)
 .debug_str     0x00000000000da289       0x36 ./Core/Startup/startup_stm32f429zitx.o
                                         0x77 (size before relaxing)
 .debug_str     0x00000000000da2bf      0x5c8 ./Drivers/STM32F4xx_HAL_Driver/Src/stm32f4xx_hal.o
                                      0xd992b (size before relaxing)
 .debug_str     0x00000000000da887      0x2a1 ./Drivers/STM32F4xx_HAL_Driver/Src/stm32f4xx_hal_adc.o
                                      0xd9343 (size before relaxing)
 .debug_str     0x00000000000dab28      0x392 ./Drivers/STM32F4xx_HAL_Driver/Src/stm32f4xx_hal_cortex.o
                                      0xd96cc (size before relaxing)
 .debug_str     0x00000000000daeba      0x31d ./Drivers/STM32F4xx_HAL_Driver/Src/stm32f4xx_hal_dma.o
                                      0xd91c1 (size before relaxing)
 .debug_str     0x00000000000db1d7      0x15f ./Drivers/STM32F4xx_HAL_Driver/Src/stm32f4xx_hal_gpio.o
                                      0xd8f51 (size before relaxing)
 .debug_str     0x00000000000db336      0x542 ./Drivers/STM32F4xx_HAL_Driver/Src/stm32f4xx_hal_pcd.o
                                      0xd9581 (size before relaxing)
 .debug_str     0x00000000000db878      0x259 ./Drivers/STM32F4xx_HAL_Driver/Src/stm32f4xx_hal_rcc.o
                                      0xd91ac (size before relaxing)
 .debug_str     0x00000000000dbad1      0x612 ./Drivers/STM32F4xx_HAL_Driver/Src/stm32f4xx_hal_uart.o
                                      0xd971f (size before relaxing)
 .debug_str     0x00000000000dc0e3      0x6a8 ./Drivers/STM32F4xx_HAL_Driver/Src/stm32f4xx_ll_usb.o
                                      0xd96b8 (size before relaxing)

.comment        0x0000000000000000       0x53
 .comment       0x0000000000000000       0x53 ./Core/Src/adc.o
                                         0x54 (size before relaxing)
 .comment       0x0000000000000053       0x54 ./Core/Src/dma.o
 .comment       0x0000000000000053       0x54 ./Core/Src/gpio.o
 .comment       0x0000000000000053       0x54 ./Core/Src/main.o
 .comment       0x0000000000000053       0x54 ./Core/Src/stm32f4xx_hal_msp.o
 .comment       0x0000000000000053       0x54 ./Core/Src/stm32f4xx_it.o
 .comment       0x0000000000000053       0x54 ./Core/Src/system_stm32f4xx.o
 .comment       0x0000000000000053       0x54 ./Core/Src/usart.o
 .comment       0x0000000000000053       0x54 ./Core/Src/usb_otg.o
 .comment       0x0000000000000053       0x54 ./Drivers/STM32F4xx_HAL_Driver/Src/stm32f4xx_hal.o
 .comment       0x0000000000000053       0x54 ./Drivers/STM32F4xx_HAL_Driver/Src/stm32f4xx_hal_adc.o
 .comment       0x0000000000000053       0x54 ./Drivers/STM32F4xx_HAL_Driver/Src/stm32f4xx_hal_cortex.o
 .comment       0x0000000000000053       0x54 ./Drivers/STM32F4xx_HAL_Driver/Src/stm32f4xx_hal_dma.o
 .comment       0x0000000000000053       0x54 ./Drivers/STM32F4xx_HAL_Driver/Src/stm32f4xx_hal_gpio.o
 .comment       0x0000000000000053       0x54 ./Drivers/STM32F4xx_HAL_Driver/Src/stm32f4xx_hal_pcd.o
 .comment       0x0000000000000053       0x54 ./Drivers/STM32F4xx_HAL_Driver/Src/stm32f4xx_hal_rcc.o
 .comment       0x0000000000000053       0x54 ./Drivers/STM32F4xx_HAL_Driver/Src/stm32f4xx_hal_uart.o
 .comment       0x0000000000000053       0x54 ./Drivers/STM32F4xx_HAL_Driver/Src/stm32f4xx_ll_usb.o

.debug_frame    0x0000000000000000     0x2cc0
 .debug_frame   0x0000000000000000       0x84 ./Core/Src/adc.o
 .debug_frame   0x0000000000000084       0x34 ./Core/Src/dma.o
 .debug_frame   0x00000000000000b8       0x34 ./Core/Src/gpio.o
 .debug_frame   0x00000000000000ec       0x68 ./Core/Src/main.o
 .debug_frame   0x0000000000000154       0x38 ./Core/Src/stm32f4xx_hal_msp.o
 .debug_frame   0x000000000000018c      0x13c ./Core/Src/stm32f4xx_it.o
 .debug_frame   0x00000000000002c8       0x58 ./Core/Src/system_stm32f4xx.o
 .debug_frame   0x0000000000000320       0x74 ./Core/Src/usart.o
 .debug_frame   0x0000000000000394       0x74 ./Core/Src/usb_otg.o
 .debug_frame   0x0000000000000408      0x3b4 ./Drivers/STM32F4xx_HAL_Driver/Src/stm32f4xx_hal.o
 .debug_frame   0x00000000000007bc      0x3fc ./Drivers/STM32F4xx_HAL_Driver/Src/stm32f4xx_hal_adc.o
 .debug_frame   0x0000000000000bb8      0x498 ./Drivers/STM32F4xx_HAL_Driver/Src/stm32f4xx_hal_cortex.o
 .debug_frame   0x0000000000001050      0x250 ./Drivers/STM32F4xx_HAL_Driver/Src/stm32f4xx_hal_dma.o
 .debug_frame   0x00000000000012a0      0x14c ./Drivers/STM32F4xx_HAL_Driver/Src/stm32f4xx_hal_gpio.o
 .debug_frame   0x00000000000013ec      0x574 ./Drivers/STM32F4xx_HAL_Driver/Src/stm32f4xx_hal_pcd.o
 .debug_frame   0x0000000000001960      0x1f0 ./Drivers/STM32F4xx_HAL_Driver/Src/stm32f4xx_hal_rcc.o
 .debug_frame   0x0000000000001b50      0x92c ./Drivers/STM32F4xx_HAL_Driver/Src/stm32f4xx_hal_uart.o
 .debug_frame   0x000000000000247c      0x798 ./Drivers/STM32F4xx_HAL_Driver/Src/stm32f4xx_ll_usb.o
 .debug_frame   0x0000000000002c14       0x2c f:/programs/stm32cubeide_1.6.0/stm32cubeide/plugins/com.st.stm32cube.ide.mcu.externaltools.gnu-tools-for-stm32.9-2020-q2-update.win32_2.0.0.202105311346/tools/bin/../lib/gcc/arm-none-eabi/9.3.1/../../../../arm-none-eabi/lib/thumb/v7e-m+fp/hard\libc_nano.a(lib_a-init.o)
 .debug_frame   0x0000000000002c40       0x20 f:/programs/stm32cubeide_1.6.0/stm32cubeide/plugins/com.st.stm32cube.ide.mcu.externaltools.gnu-tools-for-stm32.9-2020-q2-update.win32_2.0.0.202105311346/tools/bin/../lib/gcc/arm-none-eabi/9.3.1/../../../../arm-none-eabi/lib/thumb/v7e-m+fp/hard\libc_nano.a(lib_a-memset.o)
 .debug_frame   0x0000000000002c60       0x2c f:/programs/stm32cubeide_1.6.0/stm32cubeide/plugins/com.st.stm32cube.ide.mcu.externaltools.gnu-tools-for-stm32.9-2020-q2-update.win32_2.0.0.202105311346/tools/bin/../lib/gcc/arm-none-eabi/9.3.1/thumb/v7e-m+fp/hard\libgcc.a(_aeabi_uldivmod.o)
 .debug_frame   0x0000000000002c8c       0x34 f:/programs/stm32cubeide_1.6.0/stm32cubeide/plugins/com.st.stm32cube.ide.mcu.externaltools.gnu-tools-for-stm32.9-2020-q2-update.win32_2.0.0.202105311346/tools/bin/../lib/gcc/arm-none-eabi/9.3.1/thumb/v7e-m+fp/hard\libgcc.a(_udivmoddi4.o)
